Archive member included to satisfy reference by file (symbol)

d:/devtool/ahl-gec-ide(4.35)/gcc/bin/../lib/gcc/arm-none-eabi/7.2.1/../../../../arm-none-eabi/lib/thumb/v7e-m/fpv4-sp/hard\libc_nano.a(lib_a-exit.o)
                              d:/devtool/ahl-gec-ide(4.35)/gcc/bin/../lib/gcc/arm-none-eabi/7.2.1/../../../../arm-none-eabi/lib/thumb/v7e-m/fpv4-sp/hard/crt0.o (exit)
d:/devtool/ahl-gec-ide(4.35)/gcc/bin/../lib/gcc/arm-none-eabi/7.2.1/../../../../arm-none-eabi/lib/thumb/v7e-m/fpv4-sp/hard\libc_nano.a(lib_a-impure.o)
                              d:/devtool/ahl-gec-ide(4.35)/gcc/bin/../lib/gcc/arm-none-eabi/7.2.1/../../../../arm-none-eabi/lib/thumb/v7e-m/fpv4-sp/hard\libc_nano.a(lib_a-exit.o) (_global_impure_ptr)
d:/devtool/ahl-gec-ide(4.35)/gcc/bin/../lib/gcc/arm-none-eabi/7.2.1/../../../../arm-none-eabi/lib/thumb/v7e-m/fpv4-sp/hard\libc_nano.a(lib_a-init.o)
                              d:/devtool/ahl-gec-ide(4.35)/gcc/bin/../lib/gcc/arm-none-eabi/7.2.1/../../../../arm-none-eabi/lib/thumb/v7e-m/fpv4-sp/hard/crt0.o (__libc_init_array)
d:/devtool/ahl-gec-ide(4.35)/gcc/bin/../lib/gcc/arm-none-eabi/7.2.1/../../../../arm-none-eabi/lib/thumb/v7e-m/fpv4-sp/hard\libc_nano.a(lib_a-memcpy-stub.o)
                              ./obj/flash.o (memcpy)
d:/devtool/ahl-gec-ide(4.35)/gcc/bin/../lib/gcc/arm-none-eabi/7.2.1/../../../../arm-none-eabi/lib/thumb/v7e-m/fpv4-sp/hard\libc_nano.a(lib_a-memset.o)
                              d:/devtool/ahl-gec-ide(4.35)/gcc/bin/../lib/gcc/arm-none-eabi/7.2.1/../../../../arm-none-eabi/lib/thumb/v7e-m/fpv4-sp/hard/crt0.o (memset)
d:/devtool/ahl-gec-ide(4.35)/gcc/bin/../lib/gcc/arm-none-eabi/7.2.1/../../../../arm-none-eabi/lib/thumb/v7e-m/fpv4-sp/hard\libc_nano.a(lib_a-strcmp.o)
                              ./obj/emuart.o (strcmp)
d:/devtool/ahl-gec-ide(4.35)/gcc/bin/../lib/gcc/arm-none-eabi/7.2.1/../../../../arm-none-eabi/lib/thumb/v7e-m/fpv4-sp/hard\libc_nano.a(lib_a-strlen.o)
                              ./obj/printf.o (strlen)
d:/devtool/ahl-gec-ide(4.35)/gcc/bin/../lib/gcc/arm-none-eabi/7.2.1/../../../../arm-none-eabi/lib/thumb/v7e-m/fpv4-sp/hard\libc_nano.a(lib_a-strncmp.o)
                              ./obj/emuart.o (strncmp)
d:/devtool/ahl-gec-ide(4.35)/gcc/bin/../lib/gcc/arm-none-eabi/7.2.1/thumb/v7e-m/fpv4-sp/hard\libgcc.a(_arm_addsubdf3.o)
                              ./obj/pwm.o (__aeabi_dsub)
d:/devtool/ahl-gec-ide(4.35)/gcc/bin/../lib/gcc/arm-none-eabi/7.2.1/thumb/v7e-m/fpv4-sp/hard\libgcc.a(_arm_muldivdf3.o)
                              ./obj/outcmp.o (__aeabi_dmul)
d:/devtool/ahl-gec-ide(4.35)/gcc/bin/../lib/gcc/arm-none-eabi/7.2.1/thumb/v7e-m/fpv4-sp/hard\libgcc.a(_arm_cmpdf2.o)
                              ./obj/printf.o (__aeabi_dcmplt)
d:/devtool/ahl-gec-ide(4.35)/gcc/bin/../lib/gcc/arm-none-eabi/7.2.1/thumb/v7e-m/fpv4-sp/hard\libgcc.a(_arm_fixunsdfsi.o)
                              ./obj/outcmp.o (__aeabi_d2uiz)
d:/devtool/ahl-gec-ide(4.35)/gcc/bin/../lib/gcc/arm-none-eabi/7.2.1/thumb/v7e-m/fpv4-sp/hard\libgcc.a(_aeabi_uldivmod.o)
                              ./obj/printf.o (__aeabi_uldivmod)
d:/devtool/ahl-gec-ide(4.35)/gcc/bin/../lib/gcc/arm-none-eabi/7.2.1/thumb/v7e-m/fpv4-sp/hard\libgcc.a(_fixunsdfdi.o)
                              ./obj/printf.o (__aeabi_d2ulz)
d:/devtool/ahl-gec-ide(4.35)/gcc/bin/../lib/gcc/arm-none-eabi/7.2.1/thumb/v7e-m/fpv4-sp/hard\libgcc.a(_udivmoddi4.o)
                              d:/devtool/ahl-gec-ide(4.35)/gcc/bin/../lib/gcc/arm-none-eabi/7.2.1/thumb/v7e-m/fpv4-sp/hard\libgcc.a(_aeabi_uldivmod.o) (__udivmoddi4)
d:/devtool/ahl-gec-ide(4.35)/gcc/bin/../lib/gcc/arm-none-eabi/7.2.1/thumb/v7e-m/fpv4-sp/hard\libgcc.a(_dvmd_tls.o)
                              d:/devtool/ahl-gec-ide(4.35)/gcc/bin/../lib/gcc/arm-none-eabi/7.2.1/thumb/v7e-m/fpv4-sp/hard\libgcc.a(_aeabi_uldivmod.o) (__aeabi_ldiv0)
d:/devtool/ahl-gec-ide(4.35)/gcc/bin/../lib/gcc/arm-none-eabi/7.2.1/../../../../arm-none-eabi/lib/thumb/v7e-m/fpv4-sp/hard\libnosys.a(_exit.o)
                              d:/devtool/ahl-gec-ide(4.35)/gcc/bin/../lib/gcc/arm-none-eabi/7.2.1/../../../../arm-none-eabi/lib/thumb/v7e-m/fpv4-sp/hard\libc_nano.a(lib_a-exit.o) (_exit)

Allocating common symbols
Common symbol       size              file

gcReccrc32          0x4               ./obj/main.o
component_fun       0x4               ./obj/timer.o
gcRecvLen           0x2               ./obj/main.o
gcRecvDCLen         0x2               ./obj/main.o
gcRecvBuf           0x800             ./obj/main.o

Discarded input sections

 .text          0x00000000        0x0 d:/devtool/ahl-gec-ide(4.35)/gcc/bin/../lib/gcc/arm-none-eabi/7.2.1/thumb/v7e-m/fpv4-sp/hard/crti.o
 .data          0x00000000        0x0 d:/devtool/ahl-gec-ide(4.35)/gcc/bin/../lib/gcc/arm-none-eabi/7.2.1/thumb/v7e-m/fpv4-sp/hard/crti.o
 .bss           0x00000000        0x0 d:/devtool/ahl-gec-ide(4.35)/gcc/bin/../lib/gcc/arm-none-eabi/7.2.1/thumb/v7e-m/fpv4-sp/hard/crti.o
[...]
Memory Configuration

Name             Origin             Length             Attributes
INTVEC           0x0800d000         0x00000800         xr
FLASH            0x0800d800         0x00032000         xr
RAM              0x20002000         0x0000e000         xrw
*default*        0x00000000         0xffffffff

Linker script and memory map

LOAD d:/devtool/ahl-gec-ide(4.35)/gcc/bin/../lib/gcc/arm-none-eabi/7.2.1/thumb/v7e-m/fpv4-sp/hard/crti.o
LOAD d:/devtool/ahl-gec-ide(4.35)/gcc/bin/../lib/gcc/arm-none-eabi/7.2.1/thumb/v7e-m/fpv4-sp/hard/crtbegin.o
LOAD d:/devtool/ahl-gec-ide(4.35)/gcc/bin/../lib/gcc/arm-none-eabi/7.2.1/../../../../arm-none-eabi/lib/thumb/v7e-m/fpv4-sp/hard/crt0.o
LOAD ./obj/emuart.o
LOAD ./obj/timer.o
LOAD ./obj/outcmp.o
LOAD ./obj/system_stm32l4xx.o
LOAD ./obj/main.o
LOAD ./obj/flash.o
LOAD ./obj/gpio.o
LOAD ./obj/pwm.o
LOAD ./obj/gec.o
LOAD ./obj/uart.o
LOAD ./obj/isr.o
LOAD ./obj/printf.o
LOAD ./obj/incapture.o
LOAD ./obj/startup_stm32l431rctx.o
START GROUP
LOAD d:/devtool/ahl-gec-ide(4.35)/gcc/bin/../lib/gcc/arm-none-eabi/7.2.1/../../../../arm-none-eabi/lib/thumb/v7e-m/fpv4-sp/hard\libstdc++_nano.a
LOAD d:/devtool/ahl-gec-ide(4.35)/gcc/bin/../lib/gcc/arm-none-eabi/7.2.1/../../../../arm-none-eabi/lib/thumb/v7e-m/fpv4-sp/hard\libsupc++_nano.a
END GROUP
LOAD d:/devtool/ahl-gec-ide(4.35)/gcc/bin/../lib/gcc/arm-none-eabi/7.2.1/../../../../arm-none-eabi/lib/thumb/v7e-m/fpv4-sp/hard\libstdc++_nano.a
LOAD d:/devtool/ahl-gec-ide(4.35)/gcc/bin/../lib/gcc/arm-none-eabi/7.2.1/../../../../arm-none-eabi/lib/thumb/v7e-m/fpv4-sp/hard\libm.a
LOAD d:/devtool/ahl-gec-ide(4.35)/gcc/bin/../lib/gcc/arm-none-eabi/7.2.1/../../../../arm-none-eabi/lib/thumb/v7e-m/fpv4-sp/hard\libc_nano.a
START GROUP
LOAD d:/devtool/ahl-gec-ide(4.35)/gcc/bin/../lib/gcc/arm-none-eabi/7.2.1/thumb/v7e-m/fpv4-sp/hard\libgcc.a
LOAD d:/devtool/ahl-gec-ide(4.35)/gcc/bin/../lib/gcc/arm-none-eabi/7.2.1/../../../../arm-none-eabi/lib/thumb/v7e-m/fpv4-sp/hard\libc_nano.a
END GROUP
START GROUP
LOAD d:/devtool/ahl-gec-ide(4.35)/gcc/bin/../lib/gcc/arm-none-eabi/7.2.1/thumb/v7e-m/fpv4-sp/hard\libgcc.a
LOAD d:/devtool/ahl-gec-ide(4.35)/gcc/bin/../lib/gcc/arm-none-eabi/7.2.1/../../../../arm-none-eabi/lib/thumb/v7e-m/fpv4-sp/hard\libc_nano.a
LOAD d:/devtool/ahl-gec-ide(4.35)/gcc/bin/../lib/gcc/arm-none-eabi/7.2.1/../../../../arm-none-eabi/lib/thumb/v7e-m/fpv4-sp/hard\libnosys.a
END GROUP
START GROUP
LOAD d:/devtool/ahl-gec-ide(4.35)/gcc/bin/../lib/gcc/arm-none-eabi/7.2.1/thumb/v7e-m/fpv4-sp/hard\libgcc.a
LOAD d:/devtool/ahl-gec-ide(4.35)/gcc/bin/../lib/gcc/arm-none-eabi/7.2.1/../../../../arm-none-eabi/lib/thumb/v7e-m/fpv4-sp/hard\libc_nano.a
LOAD d:/devtool/ahl-gec-ide(4.35)/gcc/bin/../lib/gcc/arm-none-eabi/7.2.1/../../../../arm-none-eabi/lib/thumb/v7e-m/fpv4-sp/hard\libnosys.a
END GROUP
LOAD d:/devtool/ahl-gec-ide(4.35)/gcc/bin/../lib/gcc/arm-none-eabi/7.2.1/thumb/v7e-m/fpv4-sp/hard/crtend.o
LOAD d:/devtool/ahl-gec-ide(4.35)/gcc/bin/../lib/gcc/arm-none-eabi/7.2.1/thumb/v7e-m/fpv4-sp/hard/crtn.o
                0x00000800                MCU_SECTORSIZE = 0x800
                0x08000000                MCU_FLASH_ADDR_START = 0x8000000
                0x0000001a                GEC_USER_SECTOR_START = 0x1a
                0x0000007e                GEC_USER_SECTOR_END = 0x7e
                0x20002000                GEC_USER_RAM_START = 0x20002000
                0x2000ffff                GEC_USER_RAM_END = 0x2000ffff
                0x2000ffff                _estack = 0x2000ffff
                0x00000200                _Min_Heap_Size = 0x200
                0x00000400                _Min_Stack_Size = 0x400

.isr_vector     0x0800d000      0x190
                0x0800d000                . = ALIGN (0x8)
 *(.isr_vector)
 .isr_vector    0x0800d000      0x18c ./obj/startup_stm32l431rctx.o
                0x0800d000                g_pfnVectors
                0x0800d190                . = ALIGN (0x8)
 *fill*         0x0800d18c        0x4 

.text           0x0800d800     0x28d8
                0x0800d800                . = ALIGN (0x8)
 *(.text)
 .text          0x0800d800       0x40 d:/devtool/ahl-gec-ide(4.35)/gcc/bin/../lib/gcc/arm-none-eabi/7.2.1/thumb/v7e-m/fpv4-sp/hard/crtbegin.o
 .text          0x0800d840       0x10 d:/devtool/ahl-gec-ide(4.35)/gcc/bin/../lib/gcc/arm-none-eabi/7.2.1/../../../../arm-none-eabi/lib/thumb/v7e-m/fpv4-sp/hard\libc_nano.a(lib_a-strlen.o)
                0x0800d840                strlen
 .text          0x0800d850      0x378 d:/devtool/ahl-gec-ide(4.35)/gcc/bin/../lib/gcc/arm-none-eabi/7.2.1/thumb/v7e-m/fpv4-sp/hard\libgcc.a(_arm_addsubdf3.o)
                0x0800d850                __aeabi_drsub
                0x0800d858                __aeabi_dsub
                0x0800d858                __subdf3
                0x0800d85c                __aeabi_dadd
                0x0800d85c                __adddf3
                0x0800dad4                __floatunsidf
                0x0800dad4                __aeabi_ui2d
                0x0800daf4                __floatsidf
                0x0800daf4                __aeabi_i2d
                0x0800db18                __aeabi_f2d
                0x0800db18                __extendsfdf2
                0x0800db5c                __floatundidf
                0x0800db5c                __aeabi_ul2d
                0x0800db6c                __floatdidf
                0x0800db6c                __aeabi_l2d
 .text          0x0800dbc8      0x424 d:/devtool/ahl-gec-ide(4.35)/gcc/bin/../lib/gcc/arm-none-eabi/7.2.1/thumb/v7e-m/fpv4-sp/hard\libgcc.a(_arm_muldivdf3.o)
                0x0800dbc8                __aeabi_dmul
                0x0800dbc8                __muldf3
                0x0800de1c                __divdf3
                0x0800de1c                __aeabi_ddiv
 .text          0x0800dfec      0x110 d:/devtool/ahl-gec-ide(4.35)/gcc/bin/../lib/gcc/arm-none-eabi/7.2.1/thumb/v7e-m/fpv4-sp/hard\libgcc.a(_arm_cmpdf2.o)
                0x0800dfec                __gtdf2
                0x0800dfec                __gedf2
                0x0800dff4                __ltdf2
                0x0800dff4                __ledf2
                0x0800dffc                __nedf2
                0x0800dffc                __eqdf2
                0x0800dffc                __cmpdf2
                0x0800e078                __aeabi_cdrcmple
                0x0800e088                __aeabi_cdcmpeq
                0x0800e088                __aeabi_cdcmple
                0x0800e098                __aeabi_dcmpeq
                0x0800e0ac                __aeabi_dcmplt
                0x0800e0c0                __aeabi_dcmple
                0x0800e0d4                __aeabi_dcmpge
                0x0800e0e8                __aeabi_dcmpgt
 .text          0x0800e0fc       0x40 d:/devtool/ahl-gec-ide(4.35)/gcc/bin/../lib/gcc/arm-none-eabi/7.2.1/thumb/v7e-m/fpv4-sp/hard\libgcc.a(_arm_fixunsdfsi.o)
                0x0800e0fc                __aeabi_d2uiz
                0x0800e0fc                __fixunsdfsi
 .text          0x0800e13c       0x30 d:/devtool/ahl-gec-ide(4.35)/gcc/bin/../lib/gcc/arm-none-eabi/7.2.1/thumb/v7e-m/fpv4-sp/hard\libgcc.a(_aeabi_uldivmod.o)
                0x0800e13c                __aeabi_uldivmod
 .text          0x0800e16c       0x44 d:/devtool/ahl-gec-ide(4.35)/gcc/bin/../lib/gcc/arm-none-eabi/7.2.1/thumb/v7e-m/fpv4-sp/hard\libgcc.a(_fixunsdfdi.o)
                0x0800e16c                __fixunsdfdi
                0x0800e16c                __aeabi_d2ulz
 .text          0x0800e1b0      0x2cc d:/devtool/ahl-gec-ide(4.35)/gcc/bin/../lib/gcc/arm-none-eabi/7.2.1/thumb/v7e-m/fpv4-sp/hard\libgcc.a(_udivmoddi4.o)
                0x0800e1b0                __udivmoddi4
 .text          0x0800e47c        0x4 d:/devtool/ahl-gec-ide(4.35)/gcc/bin/../lib/gcc/arm-none-eabi/7.2.1/thumb/v7e-m/fpv4-sp/hard\libgcc.a(_dvmd_tls.o)
                0x0800e47c                __aeabi_idiv0
                0x0800e47c                __aeabi_ldiv0
 *(.text*)
 .text.SysClock_Config
                0x0800e480       0x9c ./obj/system_stm32l4xx.o
                0x0800e480                SysClock_Config
 .text.SystemInit
                0x0800e51c       0x50 ./obj/system_stm32l4xx.o
                0x0800e51c                SystemInit
 *fill*         0x0800e56c        0x4 
 .text.main     0x0800e570       0x74 ./obj/main.o
                0x0800e570                main
 .text.flash_erase
                0x0800e5e4       0x58 ./obj/flash.o
                0x0800e5e4                flash_erase
 .text.flash_read_logic
                0x0800e63c       0x12 ./obj/flash.o
                0x0800e63c                flash_read_logic
 .text.flash_read_physical
                0x0800e64e        0x8 ./obj/flash.o
                0x0800e64e                flash_read_physical
 .text.flash_isempty
                0x0800e656       0x3e ./obj/flash.o
                0x0800e656                flash_isempty
 .text.flash_write_DoubleWord
                0x0800e694       0x38 ./obj/flash.o
                0x0800e694                flash_write_DoubleWord
 .text.flash_Best
                0x0800e6cc       0x6c ./obj/flash.o
                0x0800e6cc                flash_Best
 .text.flash_write
                0x0800e738       0x9c ./obj/flash.o
                0x0800e738                flash_write
 .text.flash_write_physical
                0x0800e7d4       0x2c ./obj/flash.o
                0x0800e7d4                flash_write_physical
 .text.gpio_get_port_pin
                0x0800e800        0x8 ./obj/gpio.o
                0x0800e800                gpio_get_port_pin
 .text.gpio_set
                0x0800e808       0x4c ./obj/gpio.o
                0x0800e808                gpio_set
 .text.gpio_init
                0x0800e854       0x70 ./obj/gpio.o
                0x0800e854                gpio_init
 .text.tim_mux_val
                0x0800e8c4      0x1bc ./obj/pwm.o
                0x0800e8c4                tim_mux_val
 .text.tim_timer_init1
                0x0800ea80       0x3c ./obj/pwm.o
                0x0800ea80                tim_timer_init1
 .text.pwm_init
                0x0800eabc      0x5d4 ./obj/pwm.o
                0x0800eabc                pwm_init
 .text.Vectors_Init
                0x0800f090       0x84 ./obj/gec.o
                0x0800f090                Vectors_Init
 .text.uart_is_uartNo
                0x0800f114       0x10 ./obj/uart.o
                0x0800f114                uart_is_uartNo
 .text.uart_init
                0x0800f124      0x14c ./obj/uart.o
                0x0800f124                uart_init
 .text.uart_send1
                0x0800f270       0x48 ./obj/uart.o
                0x0800f270                uart_send1
 .text.uart_re1
                0x0800f2b8       0x50 ./obj/uart.o
                0x0800f2b8                uart_re1
 .text.uart_enable_re_int
                0x0800f308       0x40 ./obj/uart.o
                0x0800f308                uart_enable_re_int
 .text.USART2_IRQHandler
                0x0800f348       0x28 ./obj/isr.o
                0x0800f348                USART2_IRQHandler
 .text.TIM1_BRK_TIM15_IRQHandler
                0x0800f370       0x8c ./obj/isr.o
                0x0800f370                TIM1_BRK_TIM15_IRQHandler
 .text.printk_putc
                0x0800f3fc       0x2a ./obj/printf.o
 .text.printk_mknumstr
                0x0800f426       0x68 ./obj/printf.o
 .text.printk_pad_zero
                0x0800f48e       0x1e ./obj/printf.o
 .text.printk_pad_space
                0x0800f4ac       0x1e ./obj/printf.o
 .text.out_char
                0x0800f4ca        0xc ./obj/printf.o
                0x0800f4ca                out_char
 *fill*         0x0800f4d6        0x2 
 .text.printk_mkfloatstr
                0x0800f4d8      0x1a4 ./obj/printf.o
                0x0800f4d8                printk_mkfloatstr
 .text.printk   0x0800f67c      0x5c8 ./obj/printf.o
                0x0800f67c                printk
 .text.myprintf
                0x0800fc44       0x28 ./obj/printf.o
                0x0800fc44                myprintf
 .text.tim_mux_val
                0x0800fc6c       0x1e ./obj/incapture.o
 *fill*         0x0800fc8a        0x2 
 .text.timer_init2
                0x0800fc8c       0x60 ./obj/incapture.o
 .text.incapture_init
                0x0800fcec      0x17c ./obj/incapture.o
                0x0800fcec                incapture_init
 .text.get_incapture_value
                0x0800fe68       0x44 ./obj/incapture.o
                0x0800fe68                get_incapture_value
 .text.cap_clear_flag
                0x0800feac       0x58 ./obj/incapture.o
                0x0800feac                cap_clear_flag
 .text.cap_get_flag
                0x0800ff04       0x80 ./obj/incapture.o
                0x0800ff04                cap_get_flag
 .text.cap_enable_int
                0x0800ff84       0x6c ./obj/incapture.o
                0x0800ff84                cap_enable_int
 .text.Reset_Handler
                0x0800fff0       0x54 ./obj/startup_stm32l431rctx.o
                0x0800fff0                Reset_Handler
 .text.Default_Handler
                0x08010044        0x6 ./obj/startup_stm32l431rctx.o
                0x08010044                RTC_Alarm_IRQHandler
                0x08010044                EXTI2_IRQHandler
                0x08010044                DebugMon_Handler
                0x08010044                TIM1_CC_IRQHandler
                0x08010044                TSC_IRQHandler
                0x08010044                HardFault_Handler
                0x08010044                SysTick_Handler
                0x08010044                TAMP_STAMP_IRQHandler
                0x08010044                PendSV_Handler
                0x08010044                NMI_Handler
                0x08010044                EXTI3_IRQHandler
                0x08010044                LPTIM2_IRQHandler
                0x08010044                I2C3_ER_IRQHandler
                0x08010044                EXTI0_IRQHandler
                0x08010044                I2C2_EV_IRQHandler
                0x08010044                CAN1_RX0_IRQHandler
                0x08010044                FPU_IRQHandler
                0x08010044                TIM1_UP_TIM16_IRQHandler
                0x08010044                UsageFault_Handler
                0x08010044                SPI1_IRQHandler
                0x08010044                TIM6_DAC_IRQHandler
                0x08010044                DMA2_Channel2_IRQHandler
                0x08010044                DMA1_Channel4_IRQHandler
                0x08010044                ADC1_IRQHandler
                0x08010044                USART3_IRQHandler
                0x08010044                DMA1_Channel7_IRQHandler
                0x08010044                CAN1_RX1_IRQHandler
                0x08010044                DMA2_Channel1_IRQHandler
                0x08010044                QUADSPI_IRQHandler
                0x08010044                I2C1_EV_IRQHandler
                0x08010044                DMA1_Channel6_IRQHandler
                0x08010044                DMA2_Channel4_IRQHandler
                0x08010044                RCC_IRQHandler
                0x08010044                TIM1_TRG_COM_IRQHandler
                0x08010044                DMA1_Channel1_IRQHandler
                0x08010044                Default_Handler
                0x08010044                DMA2_Channel7_IRQHandler
                0x08010044                EXTI15_10_IRQHandler
                0x08010044                TIM7_IRQHandler
                0x08010044                SDMMC1_IRQHandler
                0x08010044                I2C3_EV_IRQHandler
                0x08010044                EXTI9_5_IRQHandler
                0x08010044                RTC_WKUP_IRQHandler
                0x08010044                PVD_PVM_IRQHandler
                0x08010044                SPI2_IRQHandler
                0x08010044                MemManage_Handler
                0x08010044                CAN1_TX_IRQHandler
                0x08010044                SVC_Handler
                0x08010044                DMA2_Channel5_IRQHandler
                0x08010044                CRS_IRQHandler
                0x08010044                DMA1_Channel5_IRQHandler
                0x08010044                EXTI4_IRQHandler
                0x08010044                RNG_IRQHandler
                0x08010044                DMA1_Channel3_IRQHandler
                0x08010044                COMP_IRQHandler
                0x08010044                WWDG_IRQHandler
                0x08010044                LPUART1_IRQHandler
                0x08010044                DMA2_Channel6_IRQHandler
                0x08010044                TIM2_IRQHandler
                0x08010044                EXTI1_IRQHandler
                0x08010044                I2C2_ER_IRQHandler
                0x08010044                DMA1_Channel2_IRQHandler
                0x08010044                CAN1_SCE_IRQHandler
                0x08010044                FLASH_IRQHandler
                0x08010044                BusFault_Handler
                0x08010044                USART1_IRQHandler
                0x08010044                SPI3_IRQHandler
                0x08010044                I2C1_ER_IRQHandler
                0x08010044                SWPMI1_IRQHandler
                0x08010044                LPTIM1_IRQHandler
                0x08010044                SAI1_IRQHandler
                0x08010044                DMA2_Channel3_IRQHandler
 *fill*         0x0801004a        0x2 
 .text.__libc_init_array
                0x0801004c       0x48 d:/devtool/ahl-gec-ide(4.35)/gcc/bin/../lib/gcc/arm-none-eabi/7.2.1/../../../../arm-none-eabi/lib/thumb/v7e-m/fpv4-sp/hard\libc_nano.a(lib_a-init.o)
                0x0801004c                __libc_init_array
 .text.memcpy   0x08010094       0x16 d:/devtool/ahl-gec-ide(4.35)/gcc/bin/../lib/gcc/arm-none-eabi/7.2.1/../../../../arm-none-eabi/lib/thumb/v7e-m/fpv4-sp/hard\libc_nano.a(lib_a-memcpy-stub.o)
                0x08010094                memcpy
 .text.memset   0x080100aa       0x10 d:/devtool/ahl-gec-ide(4.35)/gcc/bin/../lib/gcc/arm-none-eabi/7.2.1/../../../../arm-none-eabi/lib/thumb/v7e-m/fpv4-sp/hard\libc_nano.a(lib_a-memset.o)
                0x080100aa                memset
 *(.glue_7)
 .glue_7        0x080100ba        0x0 linker stubs
 *(.glue_7t)
 .glue_7t       0x080100ba        0x0 linker stubs
 *(.eh_frame)
 *fill*         0x080100ba        0x2 
 .eh_frame      0x080100bc        0x0 d:/devtool/ahl-gec-ide(4.35)/gcc/bin/../lib/gcc/arm-none-eabi/7.2.1/thumb/v7e-m/fpv4-sp/hard/crtbegin.o
 *(.init)
 .init          0x080100bc        0x4 d:/devtool/ahl-gec-ide(4.35)/gcc/bin/../lib/gcc/arm-none-eabi/7.2.1/thumb/v7e-m/fpv4-sp/hard/crti.o
                0x080100bc                _init
 .init          0x080100c0        0x8 d:/devtool/ahl-gec-ide(4.35)/gcc/bin/../lib/gcc/arm-none-eabi/7.2.1/thumb/v7e-m/fpv4-sp/hard/crtn.o
 *(.fini)
 .fini          0x080100c8        0x4 d:/devtool/ahl-gec-ide(4.35)/gcc/bin/../lib/gcc/arm-none-eabi/7.2.1/thumb/v7e-m/fpv4-sp/hard/crti.o
                0x080100c8                _fini
 .fini          0x080100cc        0x8 d:/devtool/ahl-gec-ide(4.35)/gcc/bin/../lib/gcc/arm-none-eabi/7.2.1/thumb/v7e-m/fpv4-sp/hard/crtn.o
                0x080100d8                . = ALIGN (0x8)
 *fill*         0x080100d4        0x4 
                0x080100d8                _etext = .

.vfp11_veneer   0x080100d8        0x0
 .vfp11_veneer  0x080100d8        0x0 linker stubs

.v4_bx          0x080100d8        0x0
 .v4_bx         0x080100d8        0x0 linker stubs

.iplt           0x080100d8        0x0
 .iplt          0x080100d8        0x0 d:/devtool/ahl-gec-ide(4.35)/gcc/bin/../lib/gcc/arm-none-eabi/7.2.1/thumb/v7e-m/fpv4-sp/hard/crtbegin.o

.rodata         0x080100d8       0x60
                0x080100d8                . = ALIGN (0x8)
 *(.rodata)
 *(.rodata*)
 .rodata.Vectors_Init.str1.4
                0x080100d8       0x48 ./obj/gec.o
 .rodata.TIM1_BRK_TIM15_IRQHandler.str1.4
                0x08010120       0x18 ./obj/isr.o
                                 0x15 (size before relaxing)
                0x08010138                . = ALIGN (0x8)

.ARM.extab      0x08010138        0x0
                0x08010138                . = ALIGN (0x8)
 *(.ARM.extab* .gnu.linkonce.armextab.*)
                0x08010138                . = ALIGN (0x8)

.ARM            0x08010138        0x8
                0x08010138                . = ALIGN (0x8)
                0x08010138                __exidx_start = .
 *(.ARM.exidx*)
 .ARM.exidx     0x08010138        0x8 d:/devtool/ahl-gec-ide(4.35)/gcc/bin/../lib/gcc/arm-none-eabi/7.2.1/thumb/v7e-m/fpv4-sp/hard\libgcc.a(_udivmoddi4.o)
                0x08010140                __exidx_end = .
                0x08010140                . = ALIGN (0x8)

.rel.dyn        0x08010140        0x0
 .rel.iplt      0x08010140        0x0 d:/devtool/ahl-gec-ide(4.35)/gcc/bin/../lib/gcc/arm-none-eabi/7.2.1/thumb/v7e-m/fpv4-sp/hard/crtbegin.o

.preinit_array  0x08010140        0x0
                0x08010140                . = ALIGN (0x8)
                0x08010140                PROVIDE (__preinit_array_start, .)
 *(.preinit_array*)
                0x08010140                PROVIDE (__preinit_array_end, .)
                0x08010140                . = ALIGN (0x8)

.init_array     0x08010140        0x8
                0x08010140                . = ALIGN (0x8)
                0x08010140                PROVIDE (__init_array_start, .)
 *(SORT_BY_NAME(.init_array.*))
 *(.init_array*)
 .init_array    0x08010140        0x4 d:/devtool/ahl-gec-ide(4.35)/gcc/bin/../lib/gcc/arm-none-eabi/7.2.1/thumb/v7e-m/fpv4-sp/hard/crtbegin.o
                0x08010144                PROVIDE (__init_array_end, .)
                0x08010148                . = ALIGN (0x8)
 *fill*         0x08010144        0x4 

.fini_array     0x08010148        0x8
                0x08010148                . = ALIGN (0x8)
                [!provide]                PROVIDE (__fini_array_start, .)
 *(SORT_BY_NAME(.fini_array.*))
 *(.fini_array*)
 .fini_array    0x08010148        0x4 d:/devtool/ahl-gec-ide(4.35)/gcc/bin/../lib/gcc/arm-none-eabi/7.2.1/thumb/v7e-m/fpv4-sp/hard/crtbegin.o
                [!provide]                PROVIDE (__fini_array_end, .)
                0x08010150                . = ALIGN (0x8)
 *fill*         0x0801014c        0x4 
                0x08010150                _sidata = LOADADDR (.data)

.data           0x20002000       0x30 load address 0x08010150
                0x20002000                . = ALIGN (0x4)
                0x20002000                _sdata = .
 *(.data)
 *(.data*)
 .data.SystemCoreClock
                0x20002000        0x4 ./obj/system_stm32l4xx.o
                0x20002000                SystemCoreClock
 .data.GPIO_ARR
                0x20002004       0x18 ./obj/gpio.o
                0x20002004                GPIO_ARR
 .data.PWM_ARR  0x2000201c        0x4 ./obj/pwm.o
                0x2000201c                PWM_ARR
 .data.USART_ARR
                0x20002020        0xc ./obj/uart.o
                0x20002020                USART_ARR
 .data.table_irq_uart
                0x2000202c        0x3 ./obj/uart.o
                0x2000202c                table_irq_uart
                0x20002030                . = ALIGN (0x4)
 *fill*         0x2000202f        0x1 
                0x20002030                _edata = .

.igot.plt       0x20002030        0x0 load address 0x08010180
 .igot.plt      0x20002030        0x0 d:/devtool/ahl-gec-ide(4.35)/gcc/bin/../lib/gcc/arm-none-eabi/7.2.1/thumb/v7e-m/fpv4-sp/hard/crtbegin.o
                0x20002030                . = ALIGN (0x4)

.bss            0x20002030       0x24 load address 0x08010180
                0x20002030                _sbss = .
                0x20002030                __bss_start__ = _sbss
 *(.bss)
 .bss           0x20002030       0x1c d:/devtool/ahl-gec-ide(4.35)/gcc/bin/../lib/gcc/arm-none-eabi/7.2.1/thumb/v7e-m/fpv4-sp/hard/crtbegin.o
 *(.bss*)
 .bss.Count.7428
                0x2000204c        0x1 ./obj/isr.o
 *fill*         0x2000204d        0x1 
 .bss.gcIntTime.7427
                0x2000204e        0x2 ./obj/isr.o
 *(COMMON)
 COMMON         0x20002050        0x4 ./obj/timer.o
                0x20002050                component_fun
                0x20002054                . = ALIGN (0x4)
                0x20002054                _ebss = .
                0x20002054                __bss_end__ = _ebss

/DISCARD/
 libc.a(*)
 libm.a(*)
 libgcc.a(*)

.ARM.attributes
                0x00000000       0x30
 *(.ARM.attributes)
 .ARM.attributes
                0x00000000       0x22 d:/devtool/ahl-gec-ide(4.35)/gcc/bin/../lib/gcc/arm-none-eabi/7.2.1/thumb/v7e-m/fpv4-sp/hard/crti.o
 .ARM.attributes
                0x00000022       0x34 d:/devtool/ahl-gec-ide(4.35)/gcc/bin/../lib/gcc/arm-none-eabi/7.2.1/thumb/v7e-m/fpv4-sp/hard/crtbegin.o
 .ARM.attributes
                0x00000056       0x39 ./obj/timer.o
 .ARM.attributes
                0x0000008f       0x39 ./obj/system_stm32l4xx.o
 .ARM.attributes
                0x000000c8       0x39 ./obj/main.o
 .ARM.attributes
                0x00000101       0x39 ./obj/flash.o
 .ARM.attributes
                0x0000013a       0x39 ./obj/gpio.o
 .ARM.attributes
                0x00000173       0x39 ./obj/pwm.o
 .ARM.attributes
                0x000001ac       0x39 ./obj/gec.o
 .ARM.attributes
                0x000001e5       0x39 ./obj/uart.o
 .ARM.attributes
                0x0000021e       0x39 ./obj/isr.o
 .ARM.attributes
                0x00000257       0x39 ./obj/printf.o
 .ARM.attributes
                0x00000290       0x39 ./obj/incapture.o
 .ARM.attributes
                0x000002c9       0x21 ./obj/startup_stm32l431rctx.o
 .ARM.attributes
                0x000002ea       0x34 d:/devtool/ahl-gec-ide(4.35)/gcc/bin/../lib/gcc/arm-none-eabi/7.2.1/../../../../arm-none-eabi/lib/thumb/v7e-m/fpv4-sp/hard\libc_nano.a(lib_a-init.o)
 .ARM.attributes
                0x0000031e       0x34 d:/devtool/ahl-gec-ide(4.35)/gcc/bin/../lib/gcc/arm-none-eabi/7.2.1/../../../../arm-none-eabi/lib/thumb/v7e-m/fpv4-sp/hard\libc_nano.a(lib_a-memcpy-stub.o)
 .ARM.attributes
                0x00000352       0x34 d:/devtool/ahl-gec-ide(4.35)/gcc/bin/../lib/gcc/arm-none-eabi/7.2.1/../../../../arm-none-eabi/lib/thumb/v7e-m/fpv4-sp/hard\libc_nano.a(lib_a-memset.o)
 .ARM.attributes
                0x00000386       0x1b d:/devtool/ahl-gec-ide(4.35)/gcc/bin/../lib/gcc/arm-none-eabi/7.2.1/../../../../arm-none-eabi/lib/thumb/v7e-m/fpv4-sp/hard\libc_nano.a(lib_a-strlen.o)
 .ARM.attributes
                0x000003a1       0x22 d:/devtool/ahl-gec-ide(4.35)/gcc/bin/../lib/gcc/arm-none-eabi/7.2.1/thumb/v7e-m/fpv4-sp/hard\libgcc.a(_arm_addsubdf3.o)
 .ARM.attributes
                0x000003c3       0x22 d:/devtool/ahl-gec-ide(4.35)/gcc/bin/../lib/gcc/arm-none-eabi/7.2.1/thumb/v7e-m/fpv4-sp/hard\libgcc.a(_arm_muldivdf3.o)
 .ARM.attributes
                0x000003e5       0x22 d:/devtool/ahl-gec-ide(4.35)/gcc/bin/../lib/gcc/arm-none-eabi/7.2.1/thumb/v7e-m/fpv4-sp/hard\libgcc.a(_arm_cmpdf2.o)
 .ARM.attributes
                0x00000407       0x22 d:/devtool/ahl-gec-ide(4.35)/gcc/bin/../lib/gcc/arm-none-eabi/7.2.1/thumb/v7e-m/fpv4-sp/hard\libgcc.a(_arm_fixunsdfsi.o)
 .ARM.attributes
                0x00000429       0x22 d:/devtool/ahl-gec-ide(4.35)/gcc/bin/../lib/gcc/arm-none-eabi/7.2.1/thumb/v7e-m/fpv4-sp/hard\libgcc.a(_aeabi_uldivmod.o)
 .ARM.attributes
                0x0000044b       0x34 d:/devtool/ahl-gec-ide(4.35)/gcc/bin/../lib/gcc/arm-none-eabi/7.2.1/thumb/v7e-m/fpv4-sp/hard\libgcc.a(_fixunsdfdi.o)
 .ARM.attributes
                0x0000047f       0x34 d:/devtool/ahl-gec-ide(4.35)/gcc/bin/../lib/gcc/arm-none-eabi/7.2.1/thumb/v7e-m/fpv4-sp/hard\libgcc.a(_udivmoddi4.o)
 .ARM.attributes
                0x000004b3       0x22 d:/devtool/ahl-gec-ide(4.35)/gcc/bin/../lib/gcc/arm-none-eabi/7.2.1/thumb/v7e-m/fpv4-sp/hard\libgcc.a(_dvmd_tls.o)
 .ARM.attributes
                0x000004d5       0x22 d:/devtool/ahl-gec-ide(4.35)/gcc/bin/../lib/gcc/arm-none-eabi/7.2.1/thumb/v7e-m/fpv4-sp/hard/crtn.o
OUTPUT(scanner.elf elf32-littlearm)

.debug_info     0x00000000     0xb023
 .debug_info    0x00000000     0x1389 ./obj/timer.o
 .debug_info    0x00001389      0x847 ./obj/system_stm32l4xx.o
 .debug_info    0x00001bd0      0xb45 ./obj/main.o
 .debug_info    0x00002715      0xf6d ./obj/flash.o
 .debug_info    0x00003682     0x16fa ./obj/gpio.o
 .debug_info    0x00004d7c     0x1054 ./obj/pwm.o
 .debug_info    0x00005dd0      0xeeb ./obj/gec.o
 .debug_info    0x00006cbb     0x1485 ./obj/uart.o
 .debug_info    0x00008140      0xc11 ./obj/isr.o
 .debug_info    0x00008d51     0x15e3 ./obj/printf.o
 .debug_info    0x0000a334      0xccd ./obj/incapture.o
 .debug_info    0x0000b001       0x22 ./obj/startup_stm32l431rctx.o

.debug_abbrev   0x00000000     0x1c7f
 .debug_abbrev  0x00000000      0x282 ./obj/timer.o
 .debug_abbrev  0x00000282      0x18e ./obj/system_stm32l4xx.o
 .debug_abbrev  0x00000410      0x1dd ./obj/main.o
 .debug_abbrev  0x000005ed      0x2eb ./obj/flash.o
 .debug_abbrev  0x000008d8      0x38c ./obj/gpio.o
 .debug_abbrev  0x00000c64      0x29f ./obj/pwm.o
 .debug_abbrev  0x00000f03      0x279 ./obj/gec.o
 .debug_abbrev  0x0000117c      0x336 ./obj/uart.o
 .debug_abbrev  0x000014b2      0x211 ./obj/isr.o
 .debug_abbrev  0x000016c3      0x32a ./obj/printf.o
 .debug_abbrev  0x000019ed      0x280 ./obj/incapture.o
 .debug_abbrev  0x00001c6d       0x12 ./obj/startup_stm32l431rctx.o

.debug_loc      0x00000000     0x2d8f
 .debug_loc     0x00000000      0x3a8 ./obj/timer.o
 .debug_loc     0x000003a8      0x246 ./obj/system_stm32l4xx.o
 .debug_loc     0x000005ee       0x2a ./obj/main.o
 .debug_loc     0x00000618      0x66d ./obj/flash.o
 .debug_loc     0x00000c85      0x451 ./obj/gpio.o
 .debug_loc     0x000010d6      0x34e ./obj/pwm.o
 .debug_loc     0x00001424      0x149 ./obj/gec.o
 .debug_loc     0x0000156d      0x3c2 ./obj/uart.o
 .debug_loc     0x0000192f       0x76 ./obj/isr.o
 .debug_loc     0x000019a5     0x1104 ./obj/printf.o
 .debug_loc     0x00002aa9      0x2e6 ./obj/incapture.o

.debug_aranges  0x00000000      0x358
 .debug_aranges
                0x00000000       0x40 ./obj/timer.o
 .debug_aranges
                0x00000040       0x30 ./obj/system_stm32l4xx.o
 .debug_aranges
                0x00000070       0x20 ./obj/main.o
 .debug_aranges
                0x00000090       0x78 ./obj/flash.o
 .debug_aranges
                0x00000108       0x78 ./obj/gpio.o
 .debug_aranges
                0x00000180       0x38 ./obj/pwm.o
 .debug_aranges
                0x000001b8       0x28 ./obj/gec.o
 .debug_aranges
                0x000001e0       0x70 ./obj/uart.o
 .debug_aranges
                0x00000250       0x30 ./obj/isr.o
 .debug_aranges
                0x00000280       0x58 ./obj/printf.o
 .debug_aranges
                0x000002d8       0x58 ./obj/incapture.o
 .debug_aranges
                0x00000330       0x28 ./obj/startup_stm32l431rctx.o

.debug_ranges   0x00000000      0x2b8
 .debug_ranges  0x00000000       0x30 ./obj/timer.o
 .debug_ranges  0x00000030       0x20 ./obj/system_stm32l4xx.o
 .debug_ranges  0x00000050       0x10 ./obj/main.o
 .debug_ranges  0x00000060       0x80 ./obj/flash.o
 .debug_ranges  0x000000e0       0x68 ./obj/gpio.o
 .debug_ranges  0x00000148       0x28 ./obj/pwm.o
 .debug_ranges  0x00000170       0x18 ./obj/gec.o
 .debug_ranges  0x00000188       0x60 ./obj/uart.o
 .debug_ranges  0x000001e8       0x20 ./obj/isr.o
 .debug_ranges  0x00000208       0x48 ./obj/printf.o
 .debug_ranges  0x00000250       0x48 ./obj/incapture.o
 .debug_ranges  0x00000298       0x20 ./obj/startup_stm32l431rctx.o

.debug_macro    0x00000000     0x1cf4
 .debug_macro   0x00000000      0x24e ./obj/timer.o
 .debug_macro   0x0000024e       0x87 ./obj/timer.o
 .debug_macro   0x000002d5       0x51 ./obj/timer.o
 .debug_macro   0x00000326       0xd8 ./obj/timer.o
 .debug_macro   0x000003fe       0x46 ./obj/timer.o
 .debug_macro   0x00000444      0x32a ./obj/timer.o
 .debug_macro   0x0000076e       0x9a ./obj/timer.o
 .debug_macro   0x00000808       0x70 ./obj/timer.o
 .debug_macro   0x00000878       0x10 ./obj/timer.o
 .debug_macro   0x00000888       0x40 ./obj/timer.o
 .debug_macro   0x000008c8       0x22 ./obj/timer.o
 .debug_macro   0x000008ea       0x28 ./obj/timer.o
 .debug_macro   0x00000912       0x52 ./obj/timer.o
 .debug_macro   0x00000964       0xec ./obj/system_stm32l4xx.o
 .debug_macro   0x00000a50      0x254 ./obj/main.o
 .debug_macro   0x00000ca4       0x52 ./obj/main.o
 .debug_macro   0x00000cf6      0x1ce ./obj/flash.o
 .debug_macro   0x00000ec4       0x34 ./obj/flash.o
 .debug_macro   0x00000ef8      0x1ce ./obj/gpio.o
 .debug_macro   0x000010c6       0x6a ./obj/gpio.o
 .debug_macro   0x00001130      0x24e ./obj/pwm.o
 .debug_macro   0x0000137e      0x24e ./obj/gec.o
 .debug_macro   0x000015cc      0x1ce ./obj/uart.o
 .debug_macro   0x0000179a      0x24e ./obj/isr.o
 .debug_macro   0x000019e8      0x1dd ./obj/printf.o
 .debug_macro   0x00001bc5      0x10d ./obj/incapture.o
 .debug_macro   0x00001cd2       0x22 ./obj/incapture.o

.debug_line     0x00000000     0x3c62
 .debug_line    0x00000000      0x63e ./obj/timer.o
 .debug_line    0x0000063e      0x304 ./obj/system_stm32l4xx.o
 .debug_line    0x00000942      0x660 ./obj/main.o
 .debug_line    0x00000fa2      0x584 ./obj/flash.o
 .debug_line    0x00001526      0x57e ./obj/gpio.o
 .debug_line    0x00001aa4      0x60b ./obj/pwm.o
 .debug_line    0x000020af      0x557 ./obj/gec.o
 .debug_line    0x00002606      0x570 ./obj/uart.o
 .debug_line    0x00002b76      0x574 ./obj/isr.o
 .debug_line    0x000030ea      0x687 ./obj/printf.o
 .debug_line    0x00003771      0x474 ./obj/incapture.o
 .debug_line    0x00003be5       0x7d ./obj/startup_stm32l431rctx.o

.debug_str      0x00000000    0x833f8
 .debug_str     0x00000000    0x82a79 ./obj/timer.o
                              0x82d97 (size before relaxing)
 .debug_str     0x00082a79      0x1c0 ./obj/system_stm32l4xx.o
                              0x7eaab (size before relaxing)
 .debug_str     0x00082c39       0xe6 ./obj/main.o
                              0x827d9 (size before relaxing)
 .debug_str     0x00082d1f      0x116 ./obj/flash.o
                              0x82156 (size before relaxing)
 .debug_str     0x00082e35      0x197 ./obj/gpio.o
                              0x82790 (size before relaxing)
 .debug_str     0x00082fcc       0x71 ./obj/pwm.o
                              0x82981 (size before relaxing)
 .debug_str     0x0008303d       0x47 ./obj/gec.o
                              0x8283c (size before relaxing)
 .debug_str     0x00083084       0xcb ./obj/uart.o
                              0x8262e (size before relaxing)
 .debug_str     0x0008314f       0xa7 ./obj/isr.o
                              0x82822 (size before relaxing)
 .debug_str     0x000831f6      0x168 ./obj/printf.o
                              0x82391 (size before relaxing)
 .debug_str     0x0008335e       0x6e ./obj/incapture.o
                              0x7f275 (size before relaxing)
 .debug_str     0x000833cc       0x2c ./obj/startup_stm32l431rctx.o
                                 0x54 (size before relaxing)

.comment        0x00000000       0x7e
 .comment       0x00000000       0x7e ./obj/timer.o
                                 0x7f (size before relaxing)
 .comment       0x0000007e       0x7f ./obj/system_stm32l4xx.o
 .comment       0x0000007e       0x7f ./obj/main.o
 .comment       0x0000007e       0x7f ./obj/flash.o
 .comment       0x0000007e       0x7f ./obj/gpio.o
 .comment       0x0000007e       0x7f ./obj/pwm.o
 .comment       0x0000007e       0x7f ./obj/gec.o
 .comment       0x0000007e       0x7f ./obj/uart.o
 .comment       0x0000007e       0x7f ./obj/isr.o
 .comment       0x0000007e       0x7f ./obj/printf.o
 .comment       0x0000007e       0x7f ./obj/incapture.o

.debug_frame    0x00000000      0xb18
 .debug_frame   0x00000000       0x60 ./obj/timer.o
 .debug_frame   0x00000060       0x54 ./obj/system_stm32l4xx.o
 .debug_frame   0x000000b4       0x28 ./obj/main.o
 .debug_frame   0x000000dc      0x130 ./obj/flash.o
 .debug_frame   0x0000020c      0x180 ./obj/gpio.o
 .debug_frame   0x0000038c       0x84 ./obj/pwm.o
 .debug_frame   0x00000410       0x54 ./obj/gec.o
 .debug_frame   0x00000464      0x138 ./obj/uart.o
 .debug_frame   0x0000059c       0x64 ./obj/isr.o
 .debug_frame   0x00000600      0x12c ./obj/printf.o
 .debug_frame   0x0000072c      0x108 ./obj/incapture.o
 .debug_frame   0x00000834       0x2c d:/devtool/ahl-gec-ide(4.35)/gcc/bin/../lib/gcc/arm-none-eabi/7.2.1/../../../../arm-none-eabi/lib/thumb/v7e-m/fpv4-sp/hard\libc_nano.a(lib_a-init.o)
 .debug_frame   0x00000860       0x28 d:/devtool/ahl-gec-ide(4.35)/gcc/bin/../lib/gcc/arm-none-eabi/7.2.1/../../../../arm-none-eabi/lib/thumb/v7e-m/fpv4-sp/hard\libc_nano.a(lib_a-memcpy-stub.o)
 .debug_frame   0x00000888       0x20 d:/devtool/ahl-gec-ide(4.35)/gcc/bin/../lib/gcc/arm-none-eabi/7.2.1/../../../../arm-none-eabi/lib/thumb/v7e-m/fpv4-sp/hard\libc_nano.a(lib_a-memset.o)
 .debug_frame   0x000008a8       0xac d:/devtool/ahl-gec-ide(4.35)/gcc/bin/../lib/gcc/arm-none-eabi/7.2.1/thumb/v7e-m/fpv4-sp/hard\libgcc.a(_arm_addsubdf3.o)
 .debug_frame   0x00000954       0x50 d:/devtool/ahl-gec-ide(4.35)/gcc/bin/../lib/gcc/arm-none-eabi/7.2.1/thumb/v7e-m/fpv4-sp/hard\libgcc.a(_arm_muldivdf3.o)
 .debug_frame   0x000009a4       0xc4 d:/devtool/ahl-gec-ide(4.35)/gcc/bin/../lib/gcc/arm-none-eabi/7.2.1/thumb/v7e-m/fpv4-sp/hard\libgcc.a(_arm_cmpdf2.o)
 .debug_frame   0x00000a68       0x24 d:/devtool/ahl-gec-ide(4.35)/gcc/bin/../lib/gcc/arm-none-eabi/7.2.1/thumb/v7e-m/fpv4-sp/hard\libgcc.a(_arm_fixunsdfsi.o)
 .debug_frame   0x00000a8c       0x2c d:/devtool/ahl-gec-ide(4.35)/gcc/bin/../lib/gcc/arm-none-eabi/7.2.1/thumb/v7e-m/fpv4-sp/hard\libgcc.a(_aeabi_uldivmod.o)
 .debug_frame   0x00000ab8       0x2c d:/devtool/ahl-gec-ide(4.35)/gcc/bin/../lib/gcc/arm-none-eabi/7.2.1/thumb/v7e-m/fpv4-sp/hard\libgcc.a(_fixunsdfdi.o)
 .debug_frame   0x00000ae4       0x34 d:/devtool/ahl-gec-ide(4.35)/gcc/bin/../lib/gcc/arm-none-eabi/7.2.1/thumb/v7e-m/fpv4-sp/hard\libgcc.a(_udivmoddi4.o)
